// Jest Snapshot v1, https://goo.gl/fbAQLP

exports[`Renders should render correctly 1`] = `
<div
  className="makeStyles-root-1"
>
  <WithStyles(ForwardRef(CircularProgress)) />
</div>
`;
